src/controllers/auth.controller.ts(6,19): error TS2307: Cannot find module 'zod' or its corresponding type declarations.
src/controllers/championship.controller.ts(4,35): error TS2307: Cannot find module 'zod' or its corresponding type declarations.
src/controllers/championship.controller.ts(97,14): error TS2322: Type 'string | string[]' is not assignable to type 'string | undefined'.
  Type 'string[]' is not assignable to type 'string'.
src/controllers/championship.controller.ts(123,72): error TS2322: Type 'string | string[]' is not assignable to type 'string | undefined'.
  Type 'string[]' is not assignable to type 'string'.
src/controllers/championship.controller.ts(132,14): error TS2322: Type 'string | string[]' is not assignable to type 'string | undefined'.
  Type 'string[]' is not assignable to type 'string'.
src/controllers/championship.controller.ts(142,72): error TS2322: Type 'string | string[]' is not assignable to type 'string | undefined'.
  Type 'string[]' is not assignable to type 'string'.
src/controllers/championship.controller.ts(152,7): error TS2322: Type 'string | string[]' is not assignable to type 'string | undefined'.
  Type 'string[]' is not assignable to type 'string'.
src/controllers/post.controller.ts(87,9): error TS2322: Type 'string | string[]' is not assignable to type 'string'.
  Type 'string[]' is not assignable to type 'string'.
src/controllers/post.controller.ts(98,33): error TS2322: Type 'string | string[]' is not assignable to type 'string | undefined'.
  Type 'string[]' is not assignable to type 'string'.
src/controllers/post.controller.ts(113,7): error TS2322: Type 'string | string[]' is not assignable to type 'string | undefined'.
  Type 'string[]' is not assignable to type 'string'.
src/controllers/post.controller.ts(133,16): error TS2322: Type 'string | string[]' is not assignable to type 'string | StringFilter<"Comment"> | undefined'.
  Type 'string[]' is not assignable to type 'string | StringFilter<"Comment"> | undefined'.
src/controllers/registration.controller.ts(75,14): error TS2322: Type 'string | string[]' is not assignable to type 'string | undefined'.
  Type 'string[]' is not assignable to type 'string'.
src/controllers/registration.controller.ts(85,16): error TS2322: Type 'string | string[]' is not assignable to type 'string | StringFilter<"Registration"> | undefined'.
  Type 'string[]' is not assignable to type 'string | StringFilter<"Registration"> | undefined'.
src/controllers/user.controller.ts(12,14): error TS2322: Type 'string | string[]' is not assignable to type 'string | undefined'.
  Type 'string[]' is not assignable to type 'string'.
src/controllers/user.controller.ts(36,56): error TS2322: Type 'string | string[]' is not assignable to type 'string | undefined'.
  Type 'string[]' is not assignable to type 'string'.
src/controllers/user.controller.ts(82,9): error TS2322: Type 'string | string[]' is not assignable to type 'string'.
  Type 'string[]' is not assignable to type 'string'.
src/controllers/user.controller.ts(93,25): error TS2322: Type 'string | string[]' is not assignable to type 'string | undefined'.
  Type 'string[]' is not assignable to type 'string'.
